Archive member included to satisfy reference by file (symbol)

/Applications/STM32CubeIDE.app/Contents/Eclipse/plugins/com.st.stm32cube.ide.mcu.externaltools.gnu-tools-for-stm32.12.3.rel1.macos64_1.0.100.202403111906/tools/bin/../lib/gcc/arm-none-eabi/12.3.1/../../../../arm-none-eabi/lib/thumb/v7e-m+fp/hard/libc_nano.a(libc_a-exit.o)
                              /Applications/STM32CubeIDE.app/Contents/Eclipse/plugins/com.st.stm32cube.ide.mcu.externaltools.gnu-tools-for-stm32.12.3.rel1.macos64_1.0.100.202403111906/tools/bin/../lib/gcc/arm-none-eabi/12.3.1/../../../../arm-none-eabi/lib/thumb/v7e-m+fp/hard/crt0.o (exit)
/Applications/STM32CubeIDE.app/Contents/Eclipse/plugins/com.st.stm32cube.ide.mcu.externaltools.gnu-tools-for-stm32.12.3.rel1.macos64_1.0.100.202403111906/tools/bin/../lib/gcc/arm-none-eabi/12.3.1/../../../../arm-none-eabi/lib/thumb/v7e-m+fp/hard/libc_nano.a(libc_a-findfp.o)
                              /Applications/STM32CubeIDE.app/Contents/Eclipse/plugins/com.st.stm32cube.ide.mcu.externaltools.gnu-tools-for-stm32.12.3.rel1.macos64_1.0.100.202403111906/tools/bin/../lib/gcc/arm-none-eabi/12.3.1/../../../../arm-none-eabi/lib/thumb/v7e-m+fp/hard/libc_nano.a(libc_a-exit.o) (__stdio_exit_handler)
/Applications/STM32CubeIDE.app/Contents/Eclipse/plugins/com.st.stm32cube.ide.mcu.externaltools.gnu-tools-for-stm32.12.3.rel1.macos64_1.0.100.202403111906/tools/bin/../lib/gcc/arm-none-eabi/12.3.1/../../../../arm-none-eabi/lib/thumb/v7e-m+fp/hard/libc_nano.a(libc_a-fwalk.o)
                              /Applications/STM32CubeIDE.app/Contents/Eclipse/plugins/com.st.stm32cube.ide.mcu.externaltools.gnu-tools-for-stm32.12.3.rel1.macos64_1.0.100.202403111906/tools/bin/../lib/gcc/arm-none-eabi/12.3.1/../../../../arm-none-eabi/lib/thumb/v7e-m+fp/hard/libc_nano.a(libc_a-findfp.o) (_fwalk_sglue)
/Applications/STM32CubeIDE.app/Contents/Eclipse/plugins/com.st.stm32cube.ide.mcu.externaltools.gnu-tools-for-stm32.12.3.rel1.macos64_1.0.100.202403111906/tools/bin/../lib/gcc/arm-none-eabi/12.3.1/../../../../arm-none-eabi/lib/thumb/v7e-m+fp/hard/libc_nano.a(libc_a-memset.o)
                              /Applications/STM32CubeIDE.app/Contents/Eclipse/plugins/com.st.stm32cube.ide.mcu.externaltools.gnu-tools-for-stm32.12.3.rel1.macos64_1.0.100.202403111906/tools/bin/../lib/gcc/arm-none-eabi/12.3.1/../../../../arm-none-eabi/lib/thumb/v7e-m+fp/hard/crt0.o (memset)
/Applications/STM32CubeIDE.app/Contents/Eclipse/plugins/com.st.stm32cube.ide.mcu.externaltools.gnu-tools-for-stm32.12.3.rel1.macos64_1.0.100.202403111906/tools/bin/../lib/gcc/arm-none-eabi/12.3.1/../../../../arm-none-eabi/lib/thumb/v7e-m+fp/hard/libc_nano.a(libc_a-impure.o)
                              /Applications/STM32CubeIDE.app/Contents/Eclipse/plugins/com.st.stm32cube.ide.mcu.externaltools.gnu-tools-for-stm32.12.3.rel1.macos64_1.0.100.202403111906/tools/bin/../lib/gcc/arm-none-eabi/12.3.1/../../../../arm-none-eabi/lib/thumb/v7e-m+fp/hard/libc_nano.a(libc_a-findfp.o) (_impure_data)
/Applications/STM32CubeIDE.app/Contents/Eclipse/plugins/com.st.stm32cube.ide.mcu.externaltools.gnu-tools-for-stm32.12.3.rel1.macos64_1.0.100.202403111906/tools/bin/../lib/gcc/arm-none-eabi/12.3.1/../../../../arm-none-eabi/lib/thumb/v7e-m+fp/hard/libc_nano.a(libc_a-errno.o)
                              ./Core/Src/syscalls.o (__errno)
/Applications/STM32CubeIDE.app/Contents/Eclipse/plugins/com.st.stm32cube.ide.mcu.externaltools.gnu-tools-for-stm32.12.3.rel1.macos64_1.0.100.202403111906/tools/bin/../lib/gcc/arm-none-eabi/12.3.1/../../../../arm-none-eabi/lib/thumb/v7e-m+fp/hard/libc_nano.a(libc_a-init.o)
                              /Applications/STM32CubeIDE.app/Contents/Eclipse/plugins/com.st.stm32cube.ide.mcu.externaltools.gnu-tools-for-stm32.12.3.rel1.macos64_1.0.100.202403111906/tools/bin/../lib/gcc/arm-none-eabi/12.3.1/../../../../arm-none-eabi/lib/thumb/v7e-m+fp/hard/crt0.o (__libc_init_array)
/Applications/STM32CubeIDE.app/Contents/Eclipse/plugins/com.st.stm32cube.ide.mcu.externaltools.gnu-tools-for-stm32.12.3.rel1.macos64_1.0.100.202403111906/tools/bin/../lib/gcc/arm-none-eabi/12.3.1/../../../../arm-none-eabi/lib/thumb/v7e-m+fp/hard/libc_nano.a(libc_a-lock.o)
                              /Applications/STM32CubeIDE.app/Contents/Eclipse/plugins/com.st.stm32cube.ide.mcu.externaltools.gnu-tools-for-stm32.12.3.rel1.macos64_1.0.100.202403111906/tools/bin/../lib/gcc/arm-none-eabi/12.3.1/../../../../arm-none-eabi/lib/thumb/v7e-m+fp/hard/libc_nano.a(libc_a-findfp.o) (__retarget_lock_init_recursive)
/Applications/STM32CubeIDE.app/Contents/Eclipse/plugins/com.st.stm32cube.ide.mcu.externaltools.gnu-tools-for-stm32.12.3.rel1.macos64_1.0.100.202403111906/tools/bin/../lib/gcc/arm-none-eabi/12.3.1/../../../../arm-none-eabi/lib/thumb/v7e-m+fp/hard/libc_nano.a(libc_a-mallocr.o)
[...]
Memory Configuration

Name             Origin             Length             Attributes
CCMRAM           0x10000000         0x00001000         xrw
RAM              0x20000000         0x00003000         xrw
FLASH            0x08000000         0x00010000         xr
*default*        0x00000000         0xffffffff

Linker script and memory map

LOAD /Applications/STM32CubeIDE.app/Contents/Eclipse/plugins/com.st.stm32cube.ide.mcu.externaltools.gnu-tools-for-stm32.12.3.rel1.macos64_1.0.100.202403111906/tools/bin/../lib/gcc/arm-none-eabi/12.3.1/thumb/v7e-m+fp/hard/crti.o
LOAD /Applications/STM32CubeIDE.app/Contents/Eclipse/plugins/com.st.stm32cube.ide.mcu.externaltools.gnu-tools-for-stm32.12.3.rel1.macos64_1.0.100.202403111906/tools/bin/../lib/gcc/arm-none-eabi/12.3.1/thumb/v7e-m+fp/hard/crtbegin.o
LOAD /Applications/STM32CubeIDE.app/Contents/Eclipse/plugins/com.st.stm32cube.ide.mcu.externaltools.gnu-tools-for-stm32.12.3.rel1.macos64_1.0.100.202403111906/tools/bin/../lib/gcc/arm-none-eabi/12.3.1/../../../../arm-none-eabi/lib/thumb/v7e-m+fp/hard/crt0.o
LOAD ./Core/Src/main.o
LOAD ./Core/Src/stm32f3xx_hal_msp.o
LOAD ./Core/Src/stm32f3xx_it.o
LOAD ./Core/Src/syscalls.o
LOAD ./Core/Src/sysmem.o
LOAD ./Core/Src/system_stm32f3xx.o
LOAD ./Core/Startup/startup_stm32f303k8tx.o
LOAD ./Drivers/STM32F3xx_HAL_Driver/Src/stm32f3xx_hal.o
LOAD ./Drivers/STM32F3xx_HAL_Driver/Src/stm32f3xx_hal_can.o
LOAD ./Drivers/STM32F3xx_HAL_Driver/Src/stm32f3xx_hal_cortex.o
LOAD ./Drivers/STM32F3xx_HAL_Driver/Src/stm32f3xx_hal_dma.o
LOAD ./Drivers/STM32F3xx_HAL_Driver/Src/stm32f3xx_hal_exti.o
LOAD ./Drivers/STM32F3xx_HAL_Driver/Src/stm32f3xx_hal_flash.o
LOAD ./Drivers/STM32F3xx_HAL_Driver/Src/stm32f3xx_hal_flash_ex.o
LOAD ./Drivers/STM32F3xx_HAL_Driver/Src/stm32f3xx_hal_gpio.o
LOAD ./Drivers/STM32F3xx_HAL_Driver/Src/stm32f3xx_hal_i2c.o
LOAD ./Drivers/STM32F3xx_HAL_Driver/Src/stm32f3xx_hal_i2c_ex.o
LOAD ./Drivers/STM32F3xx_HAL_Driver/Src/stm32f3xx_hal_pwr.o
LOAD ./Drivers/STM32F3xx_HAL_Driver/Src/stm32f3xx_hal_pwr_ex.o
LOAD ./Drivers/STM32F3xx_HAL_Driver/Src/stm32f3xx_hal_rcc.o
LOAD ./Drivers/STM32F3xx_HAL_Driver/Src/stm32f3xx_hal_rcc_ex.o
LOAD ./Drivers/STM32F3xx_HAL_Driver/Src/stm32f3xx_hal_tim.o
LOAD ./Drivers/STM32F3xx_HAL_Driver/Src/stm32f3xx_hal_tim_ex.o
LOAD ./Drivers/STM32F3xx_HAL_Driver/Src/stm32f3xx_hal_uart.o
LOAD ./Drivers/STM32F3xx_HAL_Driver/Src/stm32f3xx_hal_uart_ex.o
START GROUP
LOAD /Applications/STM32CubeIDE.app/Contents/Eclipse/plugins/com.st.stm32cube.ide.mcu.externaltools.gnu-tools-for-stm32.12.3.rel1.macos64_1.0.100.202403111906/tools/bin/../lib/gcc/arm-none-eabi/12.3.1/../../../../arm-none-eabi/lib/thumb/v7e-m+fp/hard/libc_nano.a
LOAD /Applications/STM32CubeIDE.app/Contents/Eclipse/plugins/com.st.stm32cube.ide.mcu.externaltools.gnu-tools-for-stm32.12.3.rel1.macos64_1.0.100.202403111906/tools/bin/../lib/gcc/arm-none-eabi/12.3.1/../../../../arm-none-eabi/lib/thumb/v7e-m+fp/hard/libm.a
END GROUP
START GROUP
LOAD /Applications/STM32CubeIDE.app/Contents/Eclipse/plugins/com.st.stm32cube.ide.mcu.externaltools.gnu-tools-for-stm32.12.3.rel1.macos64_1.0.100.202403111906/tools/bin/../lib/gcc/arm-none-eabi/12.3.1/thumb/v7e-m+fp/hard/libgcc.a
LOAD /Applications/STM32CubeIDE.app/Contents/Eclipse/plugins/com.st.stm32cube.ide.mcu.externaltools.gnu-tools-for-stm32.12.3.rel1.macos64_1.0.100.202403111906/tools/bin/../lib/gcc/arm-none-eabi/12.3.1/../../../../arm-none-eabi/lib/thumb/v7e-m+fp/hard/libc_nano.a
END GROUP
START GROUP
LOAD /Applications/STM32CubeIDE.app/Contents/Eclipse/plugins/com.st.stm32cube.ide.mcu.externaltools.gnu-tools-for-stm32.12.3.rel1.macos64_1.0.100.202403111906/tools/bin/../lib/gcc/arm-none-eabi/12.3.1/thumb/v7e-m+fp/hard/libgcc.a
LOAD /Applications/STM32CubeIDE.app/Contents/Eclipse/plugins/com.st.stm32cube.ide.mcu.externaltools.gnu-tools-for-stm32.12.3.rel1.macos64_1.0.100.202403111906/tools/bin/../lib/gcc/arm-none-eabi/12.3.1/../../../../arm-none-eabi/lib/thumb/v7e-m+fp/hard/libc_nano.a
LOAD /Applications/STM32CubeIDE.app/Contents/Eclipse/plugins/com.st.stm32cube.ide.mcu.externaltools.gnu-tools-for-stm32.12.3.rel1.macos64_1.0.100.202403111906/tools/bin/../lib/gcc/arm-none-eabi/12.3.1/../../../../arm-none-eabi/lib/thumb/v7e-m+fp/hard/libnosys.a
END GROUP
START GROUP
LOAD /Applications/STM32CubeIDE.app/Contents/Eclipse/plugins/com.st.stm32cube.ide.mcu.externaltools.gnu-tools-for-stm32.12.3.rel1.macos64_1.0.100.202403111906/tools/bin/../lib/gcc/arm-none-eabi/12.3.1/thumb/v7e-m+fp/hard/libgcc.a
LOAD /Applications/STM32CubeIDE.app/Contents/Eclipse/plugins/com.st.stm32cube.ide.mcu.externaltools.gnu-tools-for-stm32.12.3.rel1.macos64_1.0.100.202403111906/tools/bin/../lib/gcc/arm-none-eabi/12.3.1/../../../../arm-none-eabi/lib/thumb/v7e-m+fp/hard/libc_nano.a
LOAD /Applications/STM32CubeIDE.app/Contents/Eclipse/plugins/com.st.stm32cube.ide.mcu.externaltools.gnu-tools-for-stm32.12.3.rel1.macos64_1.0.100.202403111906/tools/bin/../lib/gcc/arm-none-eabi/12.3.1/../../../../arm-none-eabi/lib/thumb/v7e-m+fp/hard/libnosys.a
END GROUP
LOAD /Applications/STM32CubeIDE.app/Contents/Eclipse/plugins/com.st.stm32cube.ide.mcu.externaltools.gnu-tools-for-stm32.12.3.rel1.macos64_1.0.100.202403111906/tools/bin/../lib/gcc/arm-none-eabi/12.3.1/thumb/v7e-m+fp/hard/crtend.o
LOAD /Applications/STM32CubeIDE.app/Contents/Eclipse/plugins/com.st.stm32cube.ide.mcu.externaltools.gnu-tools-for-stm32.12.3.rel1.macos64_1.0.100.202403111906/tools/bin/../lib/gcc/arm-none-eabi/12.3.1/thumb/v7e-m+fp/hard/crtn.o
                0x20003000                        _estack = (ORIGIN (RAM) + LENGTH (RAM))
                0x00000200                        _Min_Heap_Size = 0x200
                0x00000400                        _Min_Stack_Size = 0x400

.isr_vector     0x08000000      0x188
                0x08000000                        . = ALIGN (0x4)
 *(.isr_vector)
 .isr_vector    0x08000000      0x188 ./Core/Startup/startup_stm32f303k8tx.o
                0x08000000                g_pfnVectors
                0x08000188                        . = ALIGN (0x4)

.text           0x08000188     0x456c
                0x08000188                        . = ALIGN (0x4)
 *(.text)
 .text          0x08000188       0x40 /Applications/STM32CubeIDE.app/Contents/Eclipse/plugins/com.st.stm32cube.ide.mcu.externaltools.gnu-tools-for-stm32.12.3.rel1.macos64_1.0.100.202403111906/tools/bin/../lib/gcc/arm-none-eabi/12.3.1/thumb/v7e-m+fp/hard/crtbegin.o
 *(.text*)
 .text.HAL_GPIO_EXTI_Callback
                0x080001c8       0x60 ./Core/Src/main.o
                0x080001c8                HAL_GPIO_EXTI_Callback
 .text.main     0x08000228       0xc8 ./Core/Src/main.o
                0x08000228                main
 .text.SystemClock_Config
                0x080002f0       0xa6 ./Core/Src/main.o
                0x080002f0                SystemClock_Config
 *fill*         0x08000396        0x2 
 .text.MX_CAN_Init
                0x08000398       0x68 ./Core/Src/main.o
 .text.MX_TIM1_Init
                0x08000400       0xb4 ./Core/Src/main.o
 .text.MX_TIM2_Init
                0x080004b4       0xa8 ./Core/Src/main.o
 .text.MX_TIM3_Init
                0x0800055c      0x104 ./Core/Src/main.o
 .text.MX_USART2_UART_Init
                0x08000660       0x60 ./Core/Src/main.o
 .text.MX_GPIO_Init
                0x080006c0       0xd4 ./Core/Src/main.o
 .text.Error_Handler
                0x08000794        0xc ./Core/Src/main.o
                0x08000794                Error_Handler
 .text.HAL_MspInit
                0x080007a0       0x48 ./Core/Src/stm32f3xx_hal_msp.o
                0x080007a0                HAL_MspInit
 .text.HAL_CAN_MspInit
                0x080007e8       0x88 ./Core/Src/stm32f3xx_hal_msp.o
                0x080007e8                HAL_CAN_MspInit
 .text.HAL_TIM_Encoder_MspInit
                0x08000870       0xe4 ./Core/Src/stm32f3xx_hal_msp.o
                0x08000870                HAL_TIM_Encoder_MspInit
 .text.HAL_TIM_Base_MspInit
                0x08000954       0x40 ./Core/Src/stm32f3xx_hal_msp.o
                0x08000954                HAL_TIM_Base_MspInit
 .text.HAL_TIM_MspPostInit
                0x08000994       0x6c ./Core/Src/stm32f3xx_hal_msp.o
                0x08000994                HAL_TIM_MspPostInit
 .text.HAL_UART_MspInit
                0x08000a00       0x88 ./Core/Src/stm32f3xx_hal_msp.o
                0x08000a00                HAL_UART_MspInit
 .text.NMI_Handler
                0x08000a88        0x8 ./Core/Src/stm32f3xx_it.o
                0x08000a88                NMI_Handler
 .text.HardFault_Handler
                0x08000a90        0x8 ./Core/Src/stm32f3xx_it.o
                0x08000a90                HardFault_Handler
 .text.MemManage_Handler
                0x08000a98        0x8 ./Core/Src/stm32f3xx_it.o
                0x08000a98                MemManage_Handler
 .text.BusFault_Handler
                0x08000aa0        0x8 ./Core/Src/stm32f3xx_it.o
                0x08000aa0                BusFault_Handler
 .text.UsageFault_Handler
                0x08000aa8        0x8 ./Core/Src/stm32f3xx_it.o
                0x08000aa8                UsageFault_Handler
 .text.SVC_Handler
                0x08000ab0        0xe ./Core/Src/stm32f3xx_it.o
                0x08000ab0                SVC_Handler
 .text.DebugMon_Handler
                0x08000abe        0xe ./Core/Src/stm32f3xx_it.o
                0x08000abe                DebugMon_Handler
 .text.PendSV_Handler
                0x08000acc        0xe ./Core/Src/stm32f3xx_it.o
                0x08000acc                PendSV_Handler
 .text.SysTick_Handler
                0x08000ada        0xc ./Core/Src/stm32f3xx_it.o
                0x08000ada                SysTick_Handler
 .text.EXTI0_IRQHandler
                0x08000ae6        0xe ./Core/Src/stm32f3xx_it.o
                0x08000ae6                EXTI0_IRQHandler
 .text.EXTI1_IRQHandler
                0x08000af4        0xe ./Core/Src/stm32f3xx_it.o
                0x08000af4                EXTI1_IRQHandler
 *fill*         0x08000b02        0x2 
 .text.SystemInit
                0x08000b04       0x24 ./Core/Src/system_stm32f3xx.o
                0x08000b04                SystemInit
 .text.Reset_Handler
                0x08000b28       0x50 ./Core/Startup/startup_stm32f303k8tx.o
                0x08000b28                Reset_Handler
 .text.Default_Handler
                0x08000b78        0x2 ./Core/Startup/startup_stm32f303k8tx.o
                0x08000b78                TIM1_BRK_TIM15_IRQHandler
                0x08000b78                TIM1_CC_IRQHandler
                0x08000b78                PVD_IRQHandler
                0x08000b78                TAMP_STAMP_IRQHandler
                0x08000b78                EXTI3_IRQHandler
                0x08000b78                FPU_IRQHandler
                0x08000b78                CAN_TX_IRQHandler
                0x08000b78                TIM1_UP_TIM16_IRQHandler
                0x08000b78                ADC1_2_IRQHandler
                0x08000b78                SPI1_IRQHandler
                0x08000b78                CAN_SCE_IRQHandler
                0x08000b78                DMA1_Channel4_IRQHandler
                0x08000b78                USART3_IRQHandler
                0x08000b78                DMA1_Channel7_IRQHandler
                0x08000b78                TIM7_DAC2_IRQHandler
                0x08000b78                CAN_RX1_IRQHandler
                0x08000b78                I2C1_EV_IRQHandler
                0x08000b78                DMA1_Channel6_IRQHandler
                0x08000b78                TIM3_IRQHandler
                0x08000b78                RCC_IRQHandler
                0x08000b78                DMA1_Channel1_IRQHandler
                0x08000b78                Default_Handler
                0x08000b78                EXTI15_10_IRQHandler
                0x08000b78                COMP2_IRQHandler
                0x08000b78                TIM6_DAC1_IRQHandler
                0x08000b78                EXTI9_5_IRQHandler
                0x08000b78                RTC_WKUP_IRQHandler
                0x08000b78                DMA1_Channel5_IRQHandler
                0x08000b78                EXTI4_IRQHandler
                0x08000b78                TIM1_TRG_COM_TIM17_IRQHandler
                0x08000b78                DMA1_Channel3_IRQHandler
                0x08000b78                WWDG_IRQHandler
                0x08000b78                TIM2_IRQHandler
                0x08000b78                COMP4_6_IRQHandler
                0x08000b78                USART2_IRQHandler
                0x08000b78                DMA1_Channel2_IRQHandler
                0x08000b78                FLASH_IRQHandler
                0x08000b78                USART1_IRQHandler
                0x08000b78                CAN_RX0_IRQHandler
                0x08000b78                I2C1_ER_IRQHandler
                0x08000b78                EXTI2_TSC_IRQHandler
                0x08000b78                RTC_Alarm_IRQHandler
 *fill*         0x08000b7a        0x2 
 .text.HAL_Init
                0x08000b7c       0x2c ./Drivers/STM32F3xx_HAL_Driver/Src/stm32f3xx_hal.o
                0x08000b7c                HAL_Init
 .text.HAL_InitTick
                0x08000ba8       0x60 ./Drivers/STM32F3xx_HAL_Driver/Src/stm32f3xx_hal.o
                0x08000ba8                HAL_InitTick
 .text.HAL_IncTick
                0x08000c08       0x28 ./Drivers/STM32F3xx_HAL_Driver/Src/stm32f3xx_hal.o
                0x08000c08                HAL_IncTick
 .text.HAL_GetTick
                0x08000c30       0x18 ./Drivers/STM32F3xx_HAL_Driver/Src/stm32f3xx_hal.o
                0x08000c30                HAL_GetTick
 .text.HAL_Delay
                0x08000c48       0x48 ./Drivers/STM32F3xx_HAL_Driver/Src/stm32f3xx_hal.o
                0x08000c48                HAL_Delay
 .text.HAL_CAN_Init
                0x08000c90      0x1f6 ./Drivers/STM32F3xx_HAL_Driver/Src/stm32f3xx_hal_can.o
                0x08000c90                HAL_CAN_Init
 *fill*         0x08000e86        0x2 
 .text.__NVIC_SetPriorityGrouping
                0x08000e88       0x48 ./Drivers/STM32F3xx_HAL_Driver/Src/stm32f3xx_hal_cortex.o
 .text.__NVIC_GetPriorityGrouping
                0x08000ed0       0x1c ./Drivers/STM32F3xx_HAL_Driver/Src/stm32f3xx_hal_cortex.o
 .text.__NVIC_EnableIRQ
                0x08000eec       0x3c ./Drivers/STM32F3xx_HAL_Driver/Src/stm32f3xx_hal_cortex.o
 .text.__NVIC_SetPriority
                0x08000f28       0x54 ./Drivers/STM32F3xx_HAL_Driver/Src/stm32f3xx_hal_cortex.o
 .text.NVIC_EncodePriority
                0x08000f7c       0x66 ./Drivers/STM32F3xx_HAL_Driver/Src/stm32f3xx_hal_cortex.o
 *fill*         0x08000fe2        0x2 
 .text.SysTick_Config
                0x08000fe4       0x44 ./Drivers/STM32F3xx_HAL_Driver/Src/stm32f3xx_hal_cortex.o
 .text.HAL_NVIC_SetPriorityGrouping
                0x08001028       0x16 ./Drivers/STM32F3xx_HAL_Driver/Src/stm32f3xx_hal_cortex.o
                0x08001028                HAL_NVIC_SetPriorityGrouping
 .text.HAL_NVIC_SetPriority
                0x0800103e       0x38 ./Drivers/STM32F3xx_HAL_Driver/Src/stm32f3xx_hal_cortex.o
                0x0800103e                HAL_NVIC_SetPriority
 .text.HAL_NVIC_EnableIRQ
                0x08001076       0x1c ./Drivers/STM32F3xx_HAL_Driver/Src/stm32f3xx_hal_cortex.o
                0x08001076                HAL_NVIC_EnableIRQ
 .text.HAL_SYSTICK_Config
                0x08001092       0x18 ./Drivers/STM32F3xx_HAL_Driver/Src/stm32f3xx_hal_cortex.o
                0x08001092                HAL_SYSTICK_Config
 *fill*         0x080010aa        0x2 
 .text.HAL_GPIO_Init
                0x080010ac      0x2e4 ./Drivers/STM32F3xx_HAL_Driver/Src/stm32f3xx_hal_gpio.o
                0x080010ac                HAL_GPIO_Init
 .text.HAL_GPIO_WritePin
                0x08001390       0x30 ./Drivers/STM32F3xx_HAL_Driver/Src/stm32f3xx_hal_gpio.o
                0x08001390                HAL_GPIO_WritePin
 .text.HAL_GPIO_EXTI_IRQHandler
                0x080013c0       0x30 ./Drivers/STM32F3xx_HAL_Driver/Src/stm32f3xx_hal_gpio.o
                0x080013c0                HAL_GPIO_EXTI_IRQHandler
 .text.HAL_RCC_OscConfig
                0x080013f0     0x107c ./Drivers/STM32F3xx_HAL_Driver/Src/stm32f3xx_hal_rcc.o
                0x080013f0                HAL_RCC_OscConfig
 .text.HAL_RCC_ClockConfig
                0x0800246c      0x2f8 ./Drivers/STM32F3xx_HAL_Driver/Src/stm32f3xx_hal_rcc.o
                0x0800246c                HAL_RCC_ClockConfig
 .text.HAL_RCC_GetSysClockFreq
                0x08002764       0xa8 ./Drivers/STM32F3xx_HAL_Driver/Src/stm32f3xx_hal_rcc.o
                0x08002764                HAL_RCC_GetSysClockFreq
 .text.HAL_RCC_GetHCLKFreq
                0x0800280c       0x18 ./Drivers/STM32F3xx_HAL_Driver/Src/stm32f3xx_hal_rcc.o
                0x0800280c                HAL_RCC_GetHCLKFreq
 .text.HAL_RCC_GetPCLK1Freq
                0x08002824       0x44 ./Drivers/STM32F3xx_HAL_Driver/Src/stm32f3xx_hal_rcc.o
                0x08002824                HAL_RCC_GetPCLK1Freq
 .text.HAL_RCC_GetPCLK2Freq
                0x08002868       0x44 ./Drivers/STM32F3xx_HAL_Driver/Src/stm32f3xx_hal_rcc.o
                0x08002868                HAL_RCC_GetPCLK2Freq
 .text.HAL_RCCEx_PeriphCLKConfig
                0x080028ac      0x24c ./Drivers/STM32F3xx_HAL_Driver/Src/stm32f3xx_hal_rcc_ex.o
                0x080028ac                HAL_RCCEx_PeriphCLKConfig
 .text.HAL_TIM_Base_Init
                0x08002af8       0xae ./Drivers/STM32F3xx_HAL_Driver/Src/stm32f3xx_hal_tim.o
                0x08002af8                HAL_TIM_Base_Init
 .text.HAL_TIM_PWM_Init
                0x08002ba6       0xae ./Drivers/STM32F3xx_HAL_Driver/Src/stm32f3xx_hal_tim.o
                0x08002ba6                HAL_TIM_PWM_Init
 .text.HAL_TIM_PWM_MspInit
                0x08002c54       0x14 ./Drivers/STM32F3xx_HAL_Driver/Src/stm32f3xx_hal_tim.o
                0x08002c54                HAL_TIM_PWM_MspInit
 .text.HAL_TIM_PWM_Start
                0x08002c68      0x1d8 ./Drivers/STM32F3xx_HAL_Driver/Src/stm32f3xx_hal_tim.o
                0x08002c68                HAL_TIM_PWM_Start
 .text.HAL_TIM_PWM_Stop
                0x08002e40      0x11c ./Drivers/STM32F3xx_HAL_Driver/Src/stm32f3xx_hal_tim.o
                0x08002e40                HAL_TIM_PWM_Stop
 .text.HAL_TIM_Encoder_Init
                0x08002f5c      0x14c ./Drivers/STM32F3xx_HAL_Driver/Src/stm32f3xx_hal_tim.o
                0x08002f5c                HAL_TIM_Encoder_Init
 .text.HAL_TIM_Encoder_Start
                0x080030a8      0x11c ./Drivers/STM32F3xx_HAL_Driver/Src/stm32f3xx_hal_tim.o
                0x080030a8                HAL_TIM_Encoder_Start
 .text.HAL_TIM_PWM_ConfigChannel
                0x080031c4      0x228 ./Drivers/STM32F3xx_HAL_Driver/Src/stm32f3xx_hal_tim.o
                0x080031c4                HAL_TIM_PWM_ConfigChannel
 .text.HAL_TIM_ConfigClockSource
                0x080033ec      0x192 ./Drivers/STM32F3xx_HAL_Driver/Src/stm32f3xx_hal_tim.o
                0x080033ec                HAL_TIM_ConfigClockSource
 *fill*         0x0800357e        0x2 
 .text.TIM_Base_SetConfig
                0x08003580      0x108 ./Drivers/STM32F3xx_HAL_Driver/Src/stm32f3xx_hal_tim.o
                0x08003580                TIM_Base_SetConfig
 .text.TIM_OC1_SetConfig
                0x08003688      0x10c ./Drivers/STM32F3xx_HAL_Driver/Src/stm32f3xx_hal_tim.o
 .text.TIM_OC2_SetConfig
                0x08003794      0x100 ./Drivers/STM32F3xx_HAL_Driver/Src/stm32f3xx_hal_tim.o
                0x08003794                TIM_OC2_SetConfig
 .text.TIM_OC3_SetConfig
                0x08003894       0xfc ./Drivers/STM32F3xx_HAL_Driver/Src/stm32f3xx_hal_tim.o
 .text.TIM_OC4_SetConfig
                0x08003990       0xc8 ./Drivers/STM32F3xx_HAL_Driver/Src/stm32f3xx_hal_tim.o
 .text.TIM_OC5_SetConfig
                0x08003a58       0xbc ./Drivers/STM32F3xx_HAL_Driver/Src/stm32f3xx_hal_tim.o
 .text.TIM_OC6_SetConfig
                0x08003b14       0xc0 ./Drivers/STM32F3xx_HAL_Driver/Src/stm32f3xx_hal_tim.o
 .text.TIM_TI1_ConfigInputStage
                0x08003bd4       0x5e ./Drivers/STM32F3xx_HAL_Driver/Src/stm32f3xx_hal_tim.o
 .text.TIM_TI2_ConfigInputStage
                0x08003c32       0x60 ./Drivers/STM32F3xx_HAL_Driver/Src/stm32f3xx_hal_tim.o
 .text.TIM_ITRx_SetConfig
                0x08003c92       0x36 ./Drivers/STM32F3xx_HAL_Driver/Src/stm32f3xx_hal_tim.o
 .text.TIM_ETR_SetConfig
                0x08003cc8       0x40 ./Drivers/STM32F3xx_HAL_Driver/Src/stm32f3xx_hal_tim.o
                0x08003cc8                TIM_ETR_SetConfig
 .text.TIM_CCxChannelCmd
                0x08003d08       0x4a ./Drivers/STM32F3xx_HAL_Driver/Src/stm32f3xx_hal_tim.o
                0x08003d08                TIM_CCxChannelCmd
 *fill*         0x08003d52        0x2 
 .text.HAL_TIMEx_MasterConfigSynchronization
                0x08003d54       0xdc ./Drivers/STM32F3xx_HAL_Driver/Src/stm32f3xx_hal_tim_ex.o
                0x08003d54                HAL_TIMEx_MasterConfigSynchronization
 .text.HAL_UART_Init
                0x08003e30       0x9c ./Drivers/STM32F3xx_HAL_Driver/Src/stm32f3xx_hal_uart.o
                0x08003e30                HAL_UART_Init
 .text.HAL_UART_Transmit
                0x08003ecc      0x112 ./Drivers/STM32F3xx_HAL_Driver/Src/stm32f3xx_hal_uart.o
                0x08003ecc                HAL_UART_Transmit
 *fill*         0x08003fde        0x2 
 .text.UART_SetConfig
                0x08003fe0      0x26c ./Drivers/STM32F3xx_HAL_Driver/Src/stm32f3xx_hal_uart.o
                0x08003fe0                UART_SetConfig
 .text.UART_AdvFeatureConfig
                0x0800424c      0x144 ./Drivers/STM32F3xx_HAL_Driver/Src/stm32f3xx_hal_uart.o
                0x0800424c                UART_AdvFeatureConfig
 .text.UART_CheckIdleState
                0x08004390      0x150 ./Drivers/STM32F3xx_HAL_Driver/Src/stm32f3xx_hal_uart.o
                0x08004390                UART_CheckIdleState
 .text.UART_WaitOnFlagUntilTimeout
                0x080044e0       0xda ./Drivers/STM32F3xx_HAL_Driver/Src/stm32f3xx_hal_uart.o
                0x080044e0                UART_WaitOnFlagUntilTimeout
 .text.UART_EndRxTransfer
                0x080045ba       0xc8 ./Drivers/STM32F3xx_HAL_Driver/Src/stm32f3xx_hal_uart.o
 .text.memset   0x08004682       0x10 /Applications/STM32CubeIDE.app/Contents/Eclipse/plugins/com.st.stm32cube.ide.mcu.externaltools.gnu-tools-for-stm32.12.3.rel1.macos64_1.0.100.202403111906/tools/bin/../lib/gcc/arm-none-eabi/12.3.1/../../../../arm-none-eabi/lib/thumb/v7e-m+fp/hard/libc_nano.a(libc_a-memset.o)
                0x08004682                memset
 *fill*         0x08004692        0x2 
 .text.__libc_init_array
                0x08004694       0x48 /Applications/STM32CubeIDE.app/Contents/Eclipse/plugins/com.st.stm32cube.ide.mcu.externaltools.gnu-tools-for-stm32.12.3.rel1.macos64_1.0.100.202403111906/tools/bin/../lib/gcc/arm-none-eabi/12.3.1/../../../../arm-none-eabi/lib/thumb/v7e-m+fp/hard/libc_nano.a(libc_a-init.o)
                0x08004694                __libc_init_array
 *(.glue_7)
 .glue_7        0x080046dc        0x0 linker stubs
 *(.glue_7t)
 .glue_7t       0x080046dc        0x0 linker stubs
 *(.eh_frame)
 .eh_frame      0x080046dc        0x0 /Applications/STM32CubeIDE.app/Contents/Eclipse/plugins/com.st.stm32cube.ide.mcu.externaltools.gnu-tools-for-stm32.12.3.rel1.macos64_1.0.100.202403111906/tools/bin/../lib/gcc/arm-none-eabi/12.3.1/thumb/v7e-m+fp/hard/crtbegin.o
 *(.init)
 .init          0x080046dc        0x4 /Applications/STM32CubeIDE.app/Contents/Eclipse/plugins/com.st.stm32cube.ide.mcu.externaltools.gnu-tools-for-stm32.12.3.rel1.macos64_1.0.100.202403111906/tools/bin/../lib/gcc/arm-none-eabi/12.3.1/thumb/v7e-m+fp/hard/crti.o
                0x080046dc                _init
 .init          0x080046e0        0x8 /Applications/STM32CubeIDE.app/Contents/Eclipse/plugins/com.st.stm32cube.ide.mcu.externaltools.gnu-tools-for-stm32.12.3.rel1.macos64_1.0.100.202403111906/tools/bin/../lib/gcc/arm-none-eabi/12.3.1/thumb/v7e-m+fp/hard/crtn.o
 *(.fini)
 .fini          0x080046e8        0x4 /Applications/STM32CubeIDE.app/Contents/Eclipse/plugins/com.st.stm32cube.ide.mcu.externaltools.gnu-tools-for-stm32.12.3.rel1.macos64_1.0.100.202403111906/tools/bin/../lib/gcc/arm-none-eabi/12.3.1/thumb/v7e-m+fp/hard/crti.o
                0x080046e8                _fini
 .fini          0x080046ec        0x8 /Applications/STM32CubeIDE.app/Contents/Eclipse/plugins/com.st.stm32cube.ide.mcu.externaltools.gnu-tools-for-stm32.12.3.rel1.macos64_1.0.100.202403111906/tools/bin/../lib/gcc/arm-none-eabi/12.3.1/thumb/v7e-m+fp/hard/crtn.o
                0x080046f4                        . = ALIGN (0x4)
                0x080046f4                        _etext = .

.vfp11_veneer   0x080046f4        0x0
 .vfp11_veneer  0x080046f4        0x0 linker stubs

.v4_bx          0x080046f4        0x0
 .v4_bx         0x080046f4        0x0 linker stubs

.iplt           0x080046f4        0x0
 .iplt          0x080046f4        0x0 /Applications/STM32CubeIDE.app/Contents/Eclipse/plugins/com.st.stm32cube.ide.mcu.externaltools.gnu-tools-for-stm32.12.3.rel1.macos64_1.0.100.202403111906/tools/bin/../lib/gcc/arm-none-eabi/12.3.1/thumb/v7e-m+fp/hard/crtbegin.o

.rodata         0x080046f4       0x78
                0x080046f4                        . = ALIGN (0x4)
 *(.rodata)
 .rodata        0x080046f4       0x3d ./Core/Src/main.o
 *(.rodata*)
 *fill*         0x08004731        0x3 
 .rodata.AHBPrescTable
                0x08004734       0x10 ./Core/Src/system_stm32f3xx.o
                0x08004734                AHBPrescTable
 .rodata.APBPrescTable
                0x08004744        0x8 ./Core/Src/system_stm32f3xx.o
                0x08004744                APBPrescTable
 .rodata.aPLLMULFactorTable
                0x0800474c       0x10 ./Drivers/STM32F3xx_HAL_Driver/Src/stm32f3xx_hal_rcc.o
 .rodata.aPredivFactorTable
                0x0800475c       0x10 ./Drivers/STM32F3xx_HAL_Driver/Src/stm32f3xx_hal_rcc.o
                0x0800476c                        . = ALIGN (0x4)

.ARM.extab      0x0800476c        0x0
                0x0800476c                        . = ALIGN (0x4)
 *(.ARM.extab* .gnu.linkonce.armextab.*)
                0x0800476c                        . = ALIGN (0x4)

.ARM            0x0800476c        0x0
                0x0800476c                        . = ALIGN (0x4)
                0x0800476c                        __exidx_start = .
 *(.ARM.exidx*)
                0x0800476c                        __exidx_end = .
                0x0800476c                        . = ALIGN (0x4)

.preinit_array  0x0800476c        0x0
                0x0800476c                        . = ALIGN (0x4)
                0x0800476c                        PROVIDE (__preinit_array_start = .)
 *(.preinit_array*)
                0x0800476c                        PROVIDE (__preinit_array_end = .)
                0x0800476c                        . = ALIGN (0x4)

.init_array     0x0800476c        0x4
                0x0800476c                        . = ALIGN (0x4)
                0x0800476c                        PROVIDE (__init_array_start = .)
 *(SORT_BY_NAME(.init_array.*))
 *(.init_array*)
 .init_array    0x0800476c        0x4 /Applications/STM32CubeIDE.app/Contents/Eclipse/plugins/com.st.stm32cube.ide.mcu.externaltools.gnu-tools-for-stm32.12.3.rel1.macos64_1.0.100.202403111906/tools/bin/../lib/gcc/arm-none-eabi/12.3.1/thumb/v7e-m+fp/hard/crtbegin.o
                0x08004770                        PROVIDE (__init_array_end = .)
                0x08004770                        . = ALIGN (0x4)

.fini_array     0x08004770        0x4
                0x08004770                        . = ALIGN (0x4)
                [!provide]                        PROVIDE (__fini_array_start = .)
 *(SORT_BY_NAME(.fini_array.*))
 *(.fini_array*)
 .fini_array    0x08004770        0x4 /Applications/STM32CubeIDE.app/Contents/Eclipse/plugins/com.st.stm32cube.ide.mcu.externaltools.gnu-tools-for-stm32.12.3.rel1.macos64_1.0.100.202403111906/tools/bin/../lib/gcc/arm-none-eabi/12.3.1/thumb/v7e-m+fp/hard/crtbegin.o
                [!provide]                        PROVIDE (__fini_array_end = .)
                0x08004774                        . = ALIGN (0x4)
                0x08004774                        _sidata = LOADADDR (.data)

.rel.dyn        0x08004774        0x0
 .rel.iplt      0x08004774        0x0 /Applications/STM32CubeIDE.app/Contents/Eclipse/plugins/com.st.stm32cube.ide.mcu.externaltools.gnu-tools-for-stm32.12.3.rel1.macos64_1.0.100.202403111906/tools/bin/../lib/gcc/arm-none-eabi/12.3.1/thumb/v7e-m+fp/hard/crtbegin.o

.data           0x20000000        0xc load address 0x08004774
                0x20000000                        . = ALIGN (0x4)
                0x20000000                        _sdata = .
 *(.data)
 *(.data*)
 .data.SystemCoreClock
                0x20000000        0x4 ./Core/Src/system_stm32f3xx.o
                0x20000000                SystemCoreClock
 .data.uwTickPrio
                0x20000004        0x4 ./Drivers/STM32F3xx_HAL_Driver/Src/stm32f3xx_hal.o
                0x20000004                uwTickPrio
 .data.uwTickFreq
                0x20000008        0x1 ./Drivers/STM32F3xx_HAL_Driver/Src/stm32f3xx_hal.o
                0x20000008                uwTickFreq
 *(.RamFunc)
 *(.RamFunc*)
                0x2000000c                        . = ALIGN (0x4)
 *fill*         0x20000009        0x3 
                0x2000000c                        _edata = .
                0x08004780                        _siccmram = LOADADDR (.ccmram)

.igot.plt       0x2000000c        0x0 load address 0x08004780
 .igot.plt      0x2000000c        0x0 /Applications/STM32CubeIDE.app/Contents/Eclipse/plugins/com.st.stm32cube.ide.mcu.externaltools.gnu-tools-for-stm32.12.3.rel1.macos64_1.0.100.202403111906/tools/bin/../lib/gcc/arm-none-eabi/12.3.1/thumb/v7e-m+fp/hard/crtbegin.o

.ccmram         0x10000000        0x0 load address 0x08004780
                0x10000000                        . = ALIGN (0x4)
                0x10000000                        _sccmram = .
 *(.ccmram)
 *(.ccmram*)
                0x10000000                        . = ALIGN (0x4)
                0x10000000                        _eccmram = .
                0x10000000                        . = ALIGN (0x4)

.bss            0x2000000c      0x1b4
                0x2000000c                        _sbss = .
                0x2000000c                        __bss_start__ = _sbss
 *(.bss)
 .bss           0x2000000c       0x1c /Applications/STM32CubeIDE.app/Contents/Eclipse/plugins/com.st.stm32cube.ide.mcu.externaltools.gnu-tools-for-stm32.12.3.rel1.macos64_1.0.100.202403111906/tools/bin/../lib/gcc/arm-none-eabi/12.3.1/thumb/v7e-m+fp/hard/crtbegin.o
 *(.bss*)
 .bss.hcan      0x20000028       0x28 ./Core/Src/main.o
                0x20000028                hcan
 .bss.htim1     0x20000050       0x4c ./Core/Src/main.o
                0x20000050                htim1
 .bss.htim2     0x2000009c       0x4c ./Core/Src/main.o
                0x2000009c                htim2
 .bss.htim3     0x200000e8       0x4c ./Core/Src/main.o
                0x200000e8                htim3
 .bss.huart2    0x20000134       0x88 ./Core/Src/main.o
                0x20000134                huart2
 .bss.uwTick    0x200001bc        0x4 ./Drivers/STM32F3xx_HAL_Driver/Src/stm32f3xx_hal.o
                0x200001bc                uwTick
 *(COMMON)
                0x200001c0                        . = ALIGN (0x4)
                0x200001c0                        _ebss = .
                0x200001c0                        __bss_end__ = _ebss

._user_heap_stack
                0x200001c0      0x600
                0x200001c0                        . = ALIGN (0x8)
                [!provide]                        PROVIDE (end = .)
                0x200001c0                        PROVIDE (_end = .)
                0x200003c0                        . = (. + _Min_Heap_Size)
 *fill*         0x200001c0      0x200 
                0x200007c0                        . = (. + _Min_Stack_Size)
 *fill*         0x200003c0      0x400 
                0x200007c0                        . = ALIGN (0x8)

/DISCARD/
 libc.a(*)
 libm.a(*)
 libgcc.a(*)

.ARM.attributes
                0x00000000       0x30
 *(.ARM.attributes)
 .ARM.attributes
                0x00000000       0x22 /Applications/STM32CubeIDE.app/Contents/Eclipse/plugins/com.st.stm32cube.ide.mcu.externaltools.gnu-tools-for-stm32.12.3.rel1.macos64_1.0.100.202403111906/tools/bin/../lib/gcc/arm-none-eabi/12.3.1/thumb/v7e-m+fp/hard/crti.o
 .ARM.attributes
                0x00000022       0x34 /Applications/STM32CubeIDE.app/Contents/Eclipse/plugins/com.st.stm32cube.ide.mcu.externaltools.gnu-tools-for-stm32.12.3.rel1.macos64_1.0.100.202403111906/tools/bin/../lib/gcc/arm-none-eabi/12.3.1/thumb/v7e-m+fp/hard/crtbegin.o
 .ARM.attributes
                0x00000056       0x34 ./Core/Src/main.o
 .ARM.attributes
                0x0000008a       0x34 ./Core/Src/stm32f3xx_hal_msp.o
 .ARM.attributes
                0x000000be       0x34 ./Core/Src/stm32f3xx_it.o
 .ARM.attributes
                0x000000f2       0x34 ./Core/Src/system_stm32f3xx.o
 .ARM.attributes
                0x00000126       0x21 ./Core/Startup/startup_stm32f303k8tx.o
 .ARM.attributes
                0x00000147       0x34 ./Drivers/STM32F3xx_HAL_Driver/Src/stm32f3xx_hal.o
 .ARM.attributes
                0x0000017b       0x34 ./Drivers/STM32F3xx_HAL_Driver/Src/stm32f3xx_hal_can.o
 .ARM.attributes
                0x000001af       0x34 ./Drivers/STM32F3xx_HAL_Driver/Src/stm32f3xx_hal_cortex.o
 .ARM.attributes
                0x000001e3       0x34 ./Drivers/STM32F3xx_HAL_Driver/Src/stm32f3xx_hal_gpio.o
 .ARM.attributes
                0x00000217       0x34 ./Drivers/STM32F3xx_HAL_Driver/Src/stm32f3xx_hal_rcc.o
 .ARM.attributes
                0x0000024b       0x34 ./Drivers/STM32F3xx_HAL_Driver/Src/stm32f3xx_hal_rcc_ex.o
 .ARM.attributes
                0x0000027f       0x34 ./Drivers/STM32F3xx_HAL_Driver/Src/stm32f3xx_hal_tim.o
 .ARM.attributes
                0x000002b3       0x34 ./Drivers/STM32F3xx_HAL_Driver/Src/stm32f3xx_hal_tim_ex.o
 .ARM.attributes
                0x000002e7       0x34 ./Drivers/STM32F3xx_HAL_Driver/Src/stm32f3xx_hal_uart.o
 .ARM.attributes
                0x0000031b       0x34 /Applications/STM32CubeIDE.app/Contents/Eclipse/plugins/com.st.stm32cube.ide.mcu.externaltools.gnu-tools-for-stm32.12.3.rel1.macos64_1.0.100.202403111906/tools/bin/../lib/gcc/arm-none-eabi/12.3.1/../../../../arm-none-eabi/lib/thumb/v7e-m+fp/hard/libc_nano.a(libc_a-memset.o)
 .ARM.attributes
                0x0000034f       0x34 /Applications/STM32CubeIDE.app/Contents/Eclipse/plugins/com.st.stm32cube.ide.mcu.externaltools.gnu-tools-for-stm32.12.3.rel1.macos64_1.0.100.202403111906/tools/bin/../lib/gcc/arm-none-eabi/12.3.1/../../../../arm-none-eabi/lib/thumb/v7e-m+fp/hard/libc_nano.a(libc_a-init.o)
 .ARM.attributes
                0x00000383       0x22 /Applications/STM32CubeIDE.app/Contents/Eclipse/plugins/com.st.stm32cube.ide.mcu.externaltools.gnu-tools-for-stm32.12.3.rel1.macos64_1.0.100.202403111906/tools/bin/../lib/gcc/arm-none-eabi/12.3.1/thumb/v7e-m+fp/hard/crtn.o
OUTPUT(robot1_test1.elf elf32-littlearm)
LOAD linker stubs
LOAD /Applications/STM32CubeIDE.app/Contents/Eclipse/plugins/com.st.stm32cube.ide.mcu.externaltools.gnu-tools-for-stm32.12.3.rel1.macos64_1.0.100.202403111906/tools/bin/../lib/gcc/arm-none-eabi/12.3.1/../../../../arm-none-eabi/lib/thumb/v7e-m+fp/hard/libc.a
LOAD /Applications/STM32CubeIDE.app/Contents/Eclipse/plugins/com.st.stm32cube.ide.mcu.externaltools.gnu-tools-for-stm32.12.3.rel1.macos64_1.0.100.202403111906/tools/bin/../lib/gcc/arm-none-eabi/12.3.1/../../../../arm-none-eabi/lib/thumb/v7e-m+fp/hard/libm.a
LOAD /Applications/STM32CubeIDE.app/Contents/Eclipse/plugins/com.st.stm32cube.ide.mcu.externaltools.gnu-tools-for-stm32.12.3.rel1.macos64_1.0.100.202403111906/tools/bin/../lib/gcc/arm-none-eabi/12.3.1/thumb/v7e-m+fp/hard/libgcc.a

.debug_info     0x00000000     0xeb5a
 .debug_info    0x00000000     0x18fa ./Core/Src/main.o
 .debug_info    0x000018fa     0x1217 ./Core/Src/stm32f3xx_hal_msp.o
 .debug_info    0x00002b11      0x15c ./Core/Src/stm32f3xx_it.o
 .debug_info    0x00002c6d      0x407 ./Core/Src/system_stm32f3xx.o
 .debug_info    0x00003074       0x30 ./Core/Startup/startup_stm32f303k8tx.o
 .debug_info    0x000030a4      0x74a ./Drivers/STM32F3xx_HAL_Driver/Src/stm32f3xx_hal.o
 .debug_info    0x000037ee      0xf02 ./Drivers/STM32F3xx_HAL_Driver/Src/stm32f3xx_hal_can.o
 .debug_info    0x000046f0      0xa87 ./Drivers/STM32F3xx_HAL_Driver/Src/stm32f3xx_hal_cortex.o
 .debug_info    0x00005177      0x6a6 ./Drivers/STM32F3xx_HAL_Driver/Src/stm32f3xx_hal_gpio.o
 .debug_info    0x0000581d     0x148a ./Drivers/STM32F3xx_HAL_Driver/Src/stm32f3xx_hal_rcc.o
 .debug_info    0x00006ca7      0x52e ./Drivers/STM32F3xx_HAL_Driver/Src/stm32f3xx_hal_rcc_ex.o
 .debug_info    0x000071d5     0x2a70 ./Drivers/STM32F3xx_HAL_Driver/Src/stm32f3xx_hal_tim.o
 .debug_info    0x00009c45     0x156d ./Drivers/STM32F3xx_HAL_Driver/Src/stm32f3xx_hal_tim_ex.o
 .debug_info    0x0000b1b2     0x39a8 ./Drivers/STM32F3xx_HAL_Driver/Src/stm32f3xx_hal_uart.o

.debug_abbrev   0x00000000     0x1d15
 .debug_abbrev  0x00000000      0x30f ./Core/Src/main.o
 .debug_abbrev  0x0000030f      0x268 ./Core/Src/stm32f3xx_hal_msp.o
 .debug_abbrev  0x00000577       0xa0 ./Core/Src/stm32f3xx_it.o
 .debug_abbrev  0x00000617      0x11a ./Core/Src/system_stm32f3xx.o
 .debug_abbrev  0x00000731       0x24 ./Core/Startup/startup_stm32f303k8tx.o
 .debug_abbrev  0x00000755      0x215 ./Drivers/STM32F3xx_HAL_Driver/Src/stm32f3xx_hal.o
 .debug_abbrev  0x0000096a      0x1fc ./Drivers/STM32F3xx_HAL_Driver/Src/stm32f3xx_hal_can.o
 .debug_abbrev  0x00000b66      0x2f8 ./Drivers/STM32F3xx_HAL_Driver/Src/stm32f3xx_hal_cortex.o
 .debug_abbrev  0x00000e5e      0x1ca ./Drivers/STM32F3xx_HAL_Driver/Src/stm32f3xx_hal_gpio.o
 .debug_abbrev  0x00001028      0x300 ./Drivers/STM32F3xx_HAL_Driver/Src/stm32f3xx_hal_rcc.o
 .debug_abbrev  0x00001328      0x221 ./Drivers/STM32F3xx_HAL_Driver/Src/stm32f3xx_hal_rcc_ex.o
 .debug_abbrev  0x00001549      0x278 ./Drivers/STM32F3xx_HAL_Driver/Src/stm32f3xx_hal_tim.o
 .debug_abbrev  0x000017c1      0x283 ./Drivers/STM32F3xx_HAL_Driver/Src/stm32f3xx_hal_tim_ex.o
 .debug_abbrev  0x00001a44      0x2d1 ./Drivers/STM32F3xx_HAL_Driver/Src/stm32f3xx_hal_uart.o

.debug_aranges  0x00000000      0xd40
 .debug_aranges
                0x00000000       0x68 ./Core/Src/main.o
 .debug_aranges
                0x00000068       0x68 ./Core/Src/stm32f3xx_hal_msp.o
 .debug_aranges
                0x000000d0       0x70 ./Core/Src/stm32f3xx_it.o
 .debug_aranges
                0x00000140       0x28 ./Core/Src/system_stm32f3xx.o
 .debug_aranges
                0x00000168       0x28 ./Core/Startup/startup_stm32f303k8tx.o
 .debug_aranges
                0x00000190       0xe0 ./Drivers/STM32F3xx_HAL_Driver/Src/stm32f3xx_hal.o
 .debug_aranges
                0x00000270      0x138 ./Drivers/STM32F3xx_HAL_Driver/Src/stm32f3xx_hal_can.o
 .debug_aranges
                0x000003a8      0x100 ./Drivers/STM32F3xx_HAL_Driver/Src/stm32f3xx_hal_cortex.o
 .debug_aranges
                0x000004a8       0x58 ./Drivers/STM32F3xx_HAL_Driver/Src/stm32f3xx_hal_gpio.o
 .debug_aranges
                0x00000500       0x88 ./Drivers/STM32F3xx_HAL_Driver/Src/stm32f3xx_hal_rcc.o
 .debug_aranges
                0x00000588       0x38 ./Drivers/STM32F3xx_HAL_Driver/Src/stm32f3xx_hal_rcc_ex.o
 .debug_aranges
                0x000005c0      0x3e0 ./Drivers/STM32F3xx_HAL_Driver/Src/stm32f3xx_hal_tim.o
 .debug_aranges
                0x000009a0      0x178 ./Drivers/STM32F3xx_HAL_Driver/Src/stm32f3xx_hal_tim_ex.o
 .debug_aranges
                0x00000b18      0x228 ./Drivers/STM32F3xx_HAL_Driver/Src/stm32f3xx_hal_uart.o

.debug_rnglists
                0x00000000      0xa68
 .debug_rnglists
                0x00000000       0x4f ./Core/Src/main.o
 .debug_rnglists
                0x0000004f       0x4c ./Core/Src/stm32f3xx_hal_msp.o
 .debug_rnglists
                0x0000009b       0x4f ./Core/Src/stm32f3xx_it.o
 .debug_rnglists
                0x000000ea       0x1a ./Core/Src/system_stm32f3xx.o
 .debug_rnglists
                0x00000104       0x19 ./Core/Startup/startup_stm32f303k8tx.o
 .debug_rnglists
                0x0000011d       0xa3 ./Drivers/STM32F3xx_HAL_Driver/Src/stm32f3xx_hal.o
 .debug_rnglists
                0x000001c0       0xee ./Drivers/STM32F3xx_HAL_Driver/Src/stm32f3xx_hal_can.o
 .debug_rnglists
                0x000002ae       0xbb ./Drivers/STM32F3xx_HAL_Driver/Src/stm32f3xx_hal_cortex.o
 .debug_rnglists
                0x00000369       0x3f ./Drivers/STM32F3xx_HAL_Driver/Src/stm32f3xx_hal_gpio.o
 .debug_rnglists
                0x000003a8       0x66 ./Drivers/STM32F3xx_HAL_Driver/Src/stm32f3xx_hal_rcc.o
 .debug_rnglists
                0x0000040e       0x27 ./Drivers/STM32F3xx_HAL_Driver/Src/stm32f3xx_hal_rcc_ex.o
 .debug_rnglists
                0x00000435      0x328 ./Drivers/STM32F3xx_HAL_Driver/Src/stm32f3xx_hal_tim.o
 .debug_rnglists
                0x0000075d      0x131 ./Drivers/STM32F3xx_HAL_Driver/Src/stm32f3xx_hal_tim_ex.o
 .debug_rnglists
                0x0000088e      0x1da ./Drivers/STM32F3xx_HAL_Driver/Src/stm32f3xx_hal_uart.o

.debug_macro    0x00000000    0x1b8ea
 .debug_macro   0x00000000      0x2ef ./Core/Src/main.o
 .debug_macro   0x000002ef      0xab4 ./Core/Src/main.o
 .debug_macro   0x00000da3      0x15d ./Core/Src/main.o
 .debug_macro   0x00000f00       0x2e ./Core/Src/main.o
 .debug_macro   0x00000f2e       0x28 ./Core/Src/main.o
 .debug_macro   0x00000f56       0x22 ./Core/Src/main.o
 .debug_macro   0x00000f78       0x8e ./Core/Src/main.o
 .debug_macro   0x00001006       0x51 ./Core/Src/main.o
 .debug_macro   0x00001057      0x103 ./Core/Src/main.o
 .debug_macro   0x0000115a       0x6a ./Core/Src/main.o
 .debug_macro   0x000011c4      0x1df ./Core/Src/main.o
 .debug_macro   0x000013a3       0x1c ./Core/Src/main.o
 .debug_macro   0x000013bf       0x22 ./Core/Src/main.o
 .debug_macro   0x000013e1       0xd9 ./Core/Src/main.o
 .debug_macro   0x000014ba      0xf07 ./Core/Src/main.o
 .debug_macro   0x000023c1    0x10be0 ./Core/Src/main.o
 .debug_macro   0x00012fa1       0x6d ./Core/Src/main.o
 .debug_macro   0x0001300e     0x3574 ./Core/Src/main.o
 .debug_macro   0x00016582      0x189 ./Core/Src/main.o
 .debug_macro   0x0001670b       0x55 ./Core/Src/main.o
 .debug_macro   0x00016760      0x8f8 ./Core/Src/main.o
 .debug_macro   0x00017058      0x304 ./Core/Src/main.o
 .debug_macro   0x0001735c      0x1b5 ./Core/Src/main.o
 .debug_macro   0x00017511      0x11b ./Core/Src/main.o
 .debug_macro   0x0001762c      0x1d5 ./Core/Src/main.o
 .debug_macro   0x00017801      0x1bc ./Core/Src/main.o
 .debug_macro   0x000179bd       0x34 ./Core/Src/main.o
 .debug_macro   0x000179f1       0x3c ./Core/Src/main.o
 .debug_macro   0x00017a2d       0x57 ./Core/Src/main.o
 .debug_macro   0x00017a84      0x408 ./Core/Src/main.o
 .debug_macro   0x00017e8c       0xc5 ./Core/Src/main.o
 .debug_macro   0x00017f51      0x19f ./Core/Src/main.o
 .debug_macro   0x000180f0      0x22c ./Core/Src/main.o
 .debug_macro   0x0001831c       0x5b ./Core/Src/main.o
 .debug_macro   0x00018377       0xa5 ./Core/Src/main.o
 .debug_macro   0x0001841c       0x81 ./Core/Src/main.o
 .debug_macro   0x0001849d       0xd3 ./Core/Src/main.o
 .debug_macro   0x00018570      0xa60 ./Core/Src/main.o
 .debug_macro   0x00018fd0       0x59 ./Core/Src/main.o
 .debug_macro   0x00019029      0x5ba ./Core/Src/main.o
 .debug_macro   0x000195e3       0x44 ./Core/Src/main.o
 .debug_macro   0x00019627      0x285 ./Core/Src/main.o
 .debug_macro   0x000198ac       0x40 ./Core/Src/main.o
 .debug_macro   0x000198ec       0x61 ./Core/Src/main.o
 .debug_macro   0x0001994d       0x2a ./Core/Src/main.o
 .debug_macro   0x00019977       0x43 ./Core/Src/main.o
 .debug_macro   0x000199ba       0x34 ./Core/Src/main.o
 .debug_macro   0x000199ee       0x16 ./Core/Src/main.o
 .debug_macro   0x00019a04       0x35 ./Core/Src/main.o
 .debug_macro   0x00019a39      0x369 ./Core/Src/main.o
 .debug_macro   0x00019da2       0x10 ./Core/Src/main.o
 .debug_macro   0x00019db2       0x16 ./Core/Src/main.o
 .debug_macro   0x00019dc8       0x43 ./Core/Src/main.o
 .debug_macro   0x00019e0b       0x34 ./Core/Src/main.o
 .debug_macro   0x00019e3f       0x10 ./Core/Src/main.o
 .debug_macro   0x00019e4f       0x58 ./Core/Src/main.o
 .debug_macro   0x00019ea7       0x8e ./Core/Src/main.o
 .debug_macro   0x00019f35       0x1c ./Core/Src/main.o
 .debug_macro   0x00019f51      0x177 ./Core/Src/main.o
 .debug_macro   0x0001a0c8       0x16 ./Core/Src/main.o
 .debug_macro   0x0001a0de       0x16 ./Core/Src/main.o
 .debug_macro   0x0001a0f4      0x146 ./Core/Src/main.o
 .debug_macro   0x0001a23a       0x16 ./Core/Src/main.o
 .debug_macro   0x0001a250       0x20 ./Core/Src/main.o
 .debug_macro   0x0001a270       0x22 ./Core/Src/main.o
 .debug_macro   0x0001a292      0x1de ./Core/Src/stm32f3xx_hal_msp.o
 .debug_macro   0x0001a470      0x1e8 ./Core/Src/stm32f3xx_it.o
 .debug_macro   0x0001a658      0x1cf ./Core/Src/system_stm32f3xx.o
 .debug_macro   0x0001a827      0x1f3 ./Drivers/STM32F3xx_HAL_Driver/Src/stm32f3xx_hal.o
 .debug_macro   0x0001aa1a      0x1de ./Drivers/STM32F3xx_HAL_Driver/Src/stm32f3xx_hal_can.o
 .debug_macro   0x0001abf8      0x1cf ./Drivers/STM32F3xx_HAL_Driver/Src/stm32f3xx_hal_cortex.o
 .debug_macro   0x0001adc7      0x1d6 ./Drivers/STM32F3xx_HAL_Driver/Src/stm32f3xx_hal_gpio.o
 .debug_macro   0x0001af9d      0x1f3 ./Drivers/STM32F3xx_HAL_Driver/Src/stm32f3xx_hal_rcc.o
 .debug_macro   0x0001b190      0x1cf ./Drivers/STM32F3xx_HAL_Driver/Src/stm32f3xx_hal_rcc_ex.o
 .debug_macro   0x0001b35f      0x1d0 ./Drivers/STM32F3xx_HAL_Driver/Src/stm32f3xx_hal_tim.o
 .debug_macro   0x0001b52f      0x1cf ./Drivers/STM32F3xx_HAL_Driver/Src/stm32f3xx_hal_tim_ex.o
 .debug_macro   0x0001b6fe      0x1ec ./Drivers/STM32F3xx_HAL_Driver/Src/stm32f3xx_hal_uart.o

.debug_line     0x00000000     0xfb94
 .debug_line    0x00000000      0xb79 ./Core/Src/main.o
 .debug_line    0x00000b79      0x897 ./Core/Src/stm32f3xx_hal_msp.o
 .debug_line    0x00001410      0x809 ./Core/Src/stm32f3xx_it.o
 .debug_line    0x00001c19      0x790 ./Core/Src/system_stm32f3xx.o
 .debug_line    0x000023a9       0x7a ./Core/Startup/startup_stm32f303k8tx.o
 .debug_line    0x00002423      0x9c8 ./Drivers/STM32F3xx_HAL_Driver/Src/stm32f3xx_hal.o
 .debug_line    0x00002deb     0x11a2 ./Drivers/STM32F3xx_HAL_Driver/Src/stm32f3xx_hal_can.o
 .debug_line    0x00003f8d      0xbae ./Drivers/STM32F3xx_HAL_Driver/Src/stm32f3xx_hal_cortex.o
 .debug_line    0x00004b3b      0xb2b ./Drivers/STM32F3xx_HAL_Driver/Src/stm32f3xx_hal_gpio.o
 .debug_line    0x00005666     0x135c ./Drivers/STM32F3xx_HAL_Driver/Src/stm32f3xx_hal_rcc.o
 .debug_line    0x000069c2      0xa52 ./Drivers/STM32F3xx_HAL_Driver/Src/stm32f3xx_hal_rcc_ex.o
 .debug_line    0x00007414     0x3ca6 ./Drivers/STM32F3xx_HAL_Driver/Src/stm32f3xx_hal_tim.o
 .debug_line    0x0000b0ba     0x1a34 ./Drivers/STM32F3xx_HAL_Driver/Src/stm32f3xx_hal_tim_ex.o
 .debug_line    0x0000caee     0x30a6 ./Drivers/STM32F3xx_HAL_Driver/Src/stm32f3xx_hal_uart.o

.debug_str      0x00000000    0xa6ce2
 .debug_str     0x00000000    0xa3f85 ./Core/Src/main.o
                              0xa43ab (size before relaxing)
 .debug_str     0x000a3f85      0x102 ./Core/Src/stm32f3xx_hal_msp.o
                              0xa03d7 (size before relaxing)
 .debug_str     0x000a4087      0x104 ./Core/Src/stm32f3xx_it.o
                              0x9f952 (size before relaxing)
 .debug_str     0x000a418b       0xdf ./Core/Src/system_stm32f3xx.o
                              0x9f8b8 (size before relaxing)
 .debug_str     0x000a426a       0x44 ./Core/Startup/startup_stm32f303k8tx.o
                                 0x81 (size before relaxing)
 .debug_str     0x000a42ae      0x397 ./Drivers/STM32F3xx_HAL_Driver/Src/stm32f3xx_hal.o
                              0x9ffa8 (size before relaxing)
 .debug_str     0x000a4645      0x58a ./Drivers/STM32F3xx_HAL_Driver/Src/stm32f3xx_hal_can.o
                              0xa0047 (size before relaxing)
 .debug_str     0x000a4bcf      0x22c ./Drivers/STM32F3xx_HAL_Driver/Src/stm32f3xx_hal_cortex.o
                              0x9fecd (size before relaxing)
 .debug_str     0x000a4dfb      0x146 ./Drivers/STM32F3xx_HAL_Driver/Src/stm32f3xx_hal_gpio.o
                              0x9fa97 (size before relaxing)
 .debug_str     0x000a4f41      0x2c3 ./Drivers/STM32F3xx_HAL_Driver/Src/stm32f3xx_hal_rcc.o
                              0x9fd58 (size before relaxing)
 .debug_str     0x000a5204       0xbe ./Drivers/STM32F3xx_HAL_Driver/Src/stm32f3xx_hal_rcc_ex.o
                              0x9fa57 (size before relaxing)
 .debug_str     0x000a52c2      0xcd2 ./Drivers/STM32F3xx_HAL_Driver/Src/stm32f3xx_hal_tim.o
                              0xa0cef (size before relaxing)
 .debug_str     0x000a5f94      0x4dc ./Drivers/STM32F3xx_HAL_Driver/Src/stm32f3xx_hal_tim_ex.o
                              0xa0535 (size before relaxing)
 .debug_str     0x000a6470      0x872 ./Drivers/STM32F3xx_HAL_Driver/Src/stm32f3xx_hal_uart.o
                              0xa05db (size before relaxing)

.comment        0x00000000       0x43
 .comment       0x00000000       0x43 ./Core/Src/main.o
                                 0x44 (size before relaxing)
 .comment       0x00000043       0x44 ./Core/Src/stm32f3xx_hal_msp.o
 .comment       0x00000043       0x44 ./Core/Src/stm32f3xx_it.o
 .comment       0x00000043       0x44 ./Core/Src/system_stm32f3xx.o
 .comment       0x00000043       0x44 ./Drivers/STM32F3xx_HAL_Driver/Src/stm32f3xx_hal.o
 .comment       0x00000043       0x44 ./Drivers/STM32F3xx_HAL_Driver/Src/stm32f3xx_hal_can.o
 .comment       0x00000043       0x44 ./Drivers/STM32F3xx_HAL_Driver/Src/stm32f3xx_hal_cortex.o
 .comment       0x00000043       0x44 ./Drivers/STM32F3xx_HAL_Driver/Src/stm32f3xx_hal_gpio.o
 .comment       0x00000043       0x44 ./Drivers/STM32F3xx_HAL_Driver/Src/stm32f3xx_hal_rcc.o
 .comment       0x00000043       0x44 ./Drivers/STM32F3xx_HAL_Driver/Src/stm32f3xx_hal_rcc_ex.o
 .comment       0x00000043       0x44 ./Drivers/STM32F3xx_HAL_Driver/Src/stm32f3xx_hal_tim.o
 .comment       0x00000043       0x44 ./Drivers/STM32F3xx_HAL_Driver/Src/stm32f3xx_hal_tim_ex.o
 .comment       0x00000043       0x44 ./Drivers/STM32F3xx_HAL_Driver/Src/stm32f3xx_hal_uart.o

.debug_frame    0x00000000     0x384c
 .debug_frame   0x00000000      0x158 ./Core/Src/main.o
 .debug_frame   0x00000158      0x184 ./Core/Src/stm32f3xx_hal_msp.o
 .debug_frame   0x000002dc      0x13c ./Core/Src/stm32f3xx_it.o
 .debug_frame   0x00000418       0x58 ./Core/Src/system_stm32f3xx.o
 .debug_frame   0x00000470      0x334 ./Drivers/STM32F3xx_HAL_Driver/Src/stm32f3xx_hal.o
 .debug_frame   0x000007a4      0x5a0 ./Drivers/STM32F3xx_HAL_Driver/Src/stm32f3xx_hal_can.o
 .debug_frame   0x00000d44      0x428 ./Drivers/STM32F3xx_HAL_Driver/Src/stm32f3xx_hal_cortex.o
 .debug_frame   0x0000116c      0x14c ./Drivers/STM32F3xx_HAL_Driver/Src/stm32f3xx_hal_gpio.o
 .debug_frame   0x000012b8      0x214 ./Drivers/STM32F3xx_HAL_Driver/Src/stm32f3xx_hal_rcc.o
 .debug_frame   0x000014cc       0xac ./Drivers/STM32F3xx_HAL_Driver/Src/stm32f3xx_hal_rcc_ex.o
 .debug_frame   0x00001578     0x1218 ./Drivers/STM32F3xx_HAL_Driver/Src/stm32f3xx_hal_tim.o
 .debug_frame   0x00002790      0x688 ./Drivers/STM32F3xx_HAL_Driver/Src/stm32f3xx_hal_tim_ex.o
 .debug_frame   0x00002e18      0x9e8 ./Drivers/STM32F3xx_HAL_Driver/Src/stm32f3xx_hal_uart.o
 .debug_frame   0x00003800       0x20 /Applications/STM32CubeIDE.app/Contents/Eclipse/plugins/com.st.stm32cube.ide.mcu.externaltools.gnu-tools-for-stm32.12.3.rel1.macos64_1.0.100.202403111906/tools/bin/../lib/gcc/arm-none-eabi/12.3.1/../../../../arm-none-eabi/lib/thumb/v7e-m+fp/hard/libc_nano.a(libc_a-memset.o)
 .debug_frame   0x00003820       0x2c /Applications/STM32CubeIDE.app/Contents/Eclipse/plugins/com.st.stm32cube.ide.mcu.externaltools.gnu-tools-for-stm32.12.3.rel1.macos64_1.0.100.202403111906/tools/bin/../lib/gcc/arm-none-eabi/12.3.1/../../../../arm-none-eabi/lib/thumb/v7e-m+fp/hard/libc_nano.a(libc_a-init.o)

.debug_line_str
                0x00000000       0x65
 .debug_line_str
                0x00000000       0x65 ./Core/Startup/startup_stm32f303k8tx.o
