../Core/Src/main.c:71:6:HAL_GPIO_EXTI_Callback	16	static
../Core/Src/main.c:86:5:main	208	static
../Core/Src/main.c:159:6:SystemClock_Config	96	static
../Core/Src/main.c:203:13:MX_CAN_Init	8	static
../Core/Src/main.c:240:13:MX_TIM1_Init	56	static
../Core/Src/main.c:291:13:MX_TIM2_Init	56	static
../Core/Src/main.c:340:13:MX_TIM3_Init	64	static
../Core/Src/main.c:403:13:MX_USART2_UART_Init	8	static
../Core/Src/main.c:438:13:MX_GPIO_Init	40	static
../Core/Src/main.c:484:6:Error_Handler	4	static,ignoring_inline_asm
